[     536ms] Error: Minified React error #425; visit https://reactjs.org/docs/error-decoder.html?invariant=425 for the full message or use the non-minified dev environment for full errors and additional helpful warnings.
    at Zr (https://maildrop.cc/framework-6328964ebec793b4f3f2.js:2:44391)
    at bu (https://maildrop.cc/framework-6328964ebec793b4f3f2.js:2:77978)
    at bs (https://maildrop.cc/framework-6328964ebec793b4f3f2.js:2:109691)
    at ys (https://maildrop.cc/framework-6328964ebec793b4f3f2.js:2:109573)
    at gs (https://maildrop.cc/framework-6328964ebec793b4f3f2.js:2:109440)
    at ms (https://maildrop.cc/framework-6328964ebec793b4f3f2.js:2:109303)
    at rs (https://maildrop.cc/framework-6328964ebec793b4f3f2.js:2:104439)
    at S (https://maildrop.cc/framework-6328964ebec793b4f3f2.js:2:137906)
    at MessagePort.T (https://maildrop.cc/framework-6328964ebec793b4f3f2.js:2:138438)
[     537ms] Error: Minified React error #418; visit https://reactjs.org/docs/error-decoder.html?invariant=418 for the full message or use the non-minified dev environment for full errors and additional helpful warnings.
    at Ia (https://maildrop.cc/framework-6328964ebec793b4f3f2.js:2:55269)
    at ki (https://maildrop.cc/framework-6328964ebec793b4f3f2.js:2:122236)
    at ys (https://maildrop.cc/framework-6328964ebec793b4f3f2.js:2:109512)
    at gs (https://maildrop.cc/framework-6328964ebec793b4f3f2.js:2:109440)
    at ms (https://maildrop.cc/framework-6328964ebec793b4f3f2.js:2:109303)
    at rs (https://maildrop.cc/framework-6328964ebec793b4f3f2.js:2:104439)
    at S (https://maildrop.cc/framework-6328964ebec793b4f3f2.js:2:137906)
    at MessagePort.T (https://maildrop.cc/framework-6328964ebec793b4f3f2.js:2:138438)
[     537ms] Error: Minified React error #418; visit https://reactjs.org/docs/error-decoder.html?invariant=418 for the full message or use the non-minified dev environment for full errors and additional helpful warnings.
    at Ia (https://maildrop.cc/framework-6328964ebec793b4f3f2.js:2:55269)
    at ki (https://maildrop.cc/framework-6328964ebec793b4f3f2.js:2:122236)
    at ys (https://maildrop.cc/framework-6328964ebec793b4f3f2.js:2:109512)
    at gs (https://maildrop.cc/framework-6328964ebec793b4f3f2.js:2:109440)
    at ms (https://maildrop.cc/framework-6328964ebec793b4f3f2.js:2:109303)
    at rs (https://maildrop.cc/framework-6328964ebec793b4f3f2.js:2:104439)
    at S (https://maildrop.cc/framework-6328964ebec793b4f3f2.js:2:137906)
    at MessagePort.T (https://maildrop.cc/framework-6328964ebec793b4f3f2.js:2:138438)
[     538ms] Error: Minified React error #418; visit https://reactjs.org/docs/error-decoder.html?invariant=418 for the full message or use the non-minified dev environment for full errors and additional helpful warnings.
    at Ia (https://maildrop.cc/framework-6328964ebec793b4f3f2.js:2:55269)
    at ki (https://maildrop.cc/framework-6328964ebec793b4f3f2.js:2:122236)
    at ys (https://maildrop.cc/framework-6328964ebec793b4f3f2.js:2:109512)
    at gs (https://maildrop.cc/framework-6328964ebec793b4f3f2.js:2:109440)
    at ms (https://maildrop.cc/framework-6328964ebec793b4f3f2.js:2:109303)
    at rs (https://maildrop.cc/framework-6328964ebec793b4f3f2.js:2:104439)
    at S (https://maildrop.cc/framework-6328964ebec793b4f3f2.js:2:137906)
    at MessagePort.T (https://maildrop.cc/framework-6328964ebec793b4f3f2.js:2:138438)
[     538ms] Error: Minified React error #418; visit https://reactjs.org/docs/error-decoder.html?invariant=418 for the full message or use the non-minified dev environment for full errors and additional helpful warnings.
    at Ia (https://maildrop.cc/framework-6328964ebec793b4f3f2.js:2:55269)
    at ki (https://maildrop.cc/framework-6328964ebec793b4f3f2.js:2:122236)
    at ys (https://maildrop.cc/framework-6328964ebec793b4f3f2.js:2:109512)
    at gs (https://maildrop.cc/framework-6328964ebec793b4f3f2.js:2:109440)
    at ms (https://maildrop.cc/framework-6328964ebec793b4f3f2.js:2:109303)
    at rs (https://maildrop.cc/framework-6328964ebec793b4f3f2.js:2:104439)
    at S (https://maildrop.cc/framework-6328964ebec793b4f3f2.js:2:137906)
    at MessagePort.T (https://maildrop.cc/framework-6328964ebec793b4f3f2.js:2:138438)
[     539ms] Error: Minified React error #418; visit https://reactjs.org/docs/error-decoder.html?invariant=418 for the full message or use the non-minified dev environment for full errors and additional helpful warnings.
    at Ia (https://maildrop.cc/framework-6328964ebec793b4f3f2.js:2:55269)
    at ki (https://maildrop.cc/framework-6328964ebec793b4f3f2.js:2:122236)
    at ys (https://maildrop.cc/framework-6328964ebec793b4f3f2.js:2:109512)
    at gs (https://maildrop.cc/framework-6328964ebec793b4f3f2.js:2:109440)
    at ms (https://maildrop.cc/framework-6328964ebec793b4f3f2.js:2:109303)
    at rs (https://maildrop.cc/framework-6328964ebec793b4f3f2.js:2:104439)
    at S (https://maildrop.cc/framework-6328964ebec793b4f3f2.js:2:137906)
    at MessagePort.T (https://maildrop.cc/framework-6328964ebec793b4f3f2.js:2:138438)
[     539ms] Error: Minified React error #423; visit https://reactjs.org/docs/error-decoder.html?invariant=423 for the full message or use the non-minified dev environment for full errors and additional helpful warnings.
    at ki (https://maildrop.cc/framework-6328964ebec793b4f3f2.js:2:121931)
    at ys (https://maildrop.cc/framework-6328964ebec793b4f3f2.js:2:109512)
    at gs (https://maildrop.cc/framework-6328964ebec793b4f3f2.js:2:109440)
    at ms (https://maildrop.cc/framework-6328964ebec793b4f3f2.js:2:109303)
    at ls (https://maildrop.cc/framework-6328964ebec793b4f3f2.js:2:106114)
    at rs (https://maildrop.cc/framework-6328964ebec793b4f3f2.js:2:104666)
    at S (https://maildrop.cc/framework-6328964ebec793b4f3f2.js:2:137906)
    at MessagePort.T (https://maildrop.cc/framework-6328964ebec793b4f3f2.js:2:138438)
