[    4081ms] [WARNING] The resource https://www.aitcommunity.org/_next/static/media/4cf2300e9c8272f7-s.p.woff2?dpl=dpl_EU5c8e4e61vpcGqpwHGockaR5jNs was preloaded using link preload but not used within a few seconds from the window's load event. Please make sure it has an appropriate `as` value and it is preloaded intentionally. @ https://www.aitcommunity.org/en/auth/signin:0
[    4081ms] [WARNING] The resource https://www.aitcommunity.org/_next/static/media/93f479601ee12b01-s.p.woff2?dpl=dpl_EU5c8e4e61vpcGqpwHGockaR5jNs was preloaded using link preload but not used within a few seconds from the window's load event. Please make sure it has an appropriate `as` value and it is preloaded intentionally. @ https://www.aitcommunity.org/en/auth/signin:0
[    9211ms] [ERROR] Failed to load resource: the server responded with a status of 403 () @ https://www.aitcommunity.org/api/auth/sign-in/email:0
[   12212ms] [WARNING] The resource https://www.aitcommunity.org/_next/static/media/4cf2300e9c8272f7-s.p.woff2?dpl=dpl_EU5c8e4e61vpcGqpwHGockaR5jNs was preloaded using link preload but not used within a few seconds from the window's load event. Please make sure it has an appropriate `as` value and it is preloaded intentionally. @ https://www.aitcommunity.org/en/auth/signin:0
[   12212ms] [WARNING] The resource https://www.aitcommunity.org/_next/static/media/93f479601ee12b01-s.p.woff2?dpl=dpl_EU5c8e4e61vpcGqpwHGockaR5jNs was preloaded using link preload but not used within a few seconds from the window's load event. Please make sure it has an appropriate `as` value and it is preloaded intentionally. @ https://www.aitcommunity.org/en/auth/signin:0
[   28146ms] [ERROR] Failed to load resource: the server responded with a status of 404 () @ https://www.aitcommunity.org/api/auth/resend-verification:0
[   31147ms] [WARNING] The resource https://www.aitcommunity.org/_next/static/media/4cf2300e9c8272f7-s.p.woff2?dpl=dpl_EU5c8e4e61vpcGqpwHGockaR5jNs was preloaded using link preload but not used within a few seconds from the window's load event. Please make sure it has an appropriate `as` value and it is preloaded intentionally. @ https://www.aitcommunity.org/en/auth/signin:0
[   31147ms] [WARNING] The resource https://www.aitcommunity.org/_next/static/media/93f479601ee12b01-s.p.woff2?dpl=dpl_EU5c8e4e61vpcGqpwHGockaR5jNs was preloaded using link preload but not used within a few seconds from the window's load event. Please make sure it has an appropriate `as` value and it is preloaded intentionally. @ https://www.aitcommunity.org/en/auth/signin:0
[   33545ms] [ERROR] Failed to load resource: the server responded with a status of 403 () @ https://www.aitcommunity.org/api/auth/sign-in/email:0
[   36547ms] [WARNING] The resource https://www.aitcommunity.org/_next/static/media/4cf2300e9c8272f7-s.p.woff2?dpl=dpl_EU5c8e4e61vpcGqpwHGockaR5jNs was preloaded using link preload but not used within a few seconds from the window's load event. Please make sure it has an appropriate `as` value and it is preloaded intentionally. @ https://www.aitcommunity.org/en/auth/signin:0
[   36547ms] [WARNING] The resource https://www.aitcommunity.org/_next/static/media/93f479601ee12b01-s.p.woff2?dpl=dpl_EU5c8e4e61vpcGqpwHGockaR5jNs was preloaded using link preload but not used within a few seconds from the window's load event. Please make sure it has an appropriate `as` value and it is preloaded intentionally. @ https://www.aitcommunity.org/en/auth/signin:0
[   40672ms] [ERROR] Failed to load resource: the server responded with a status of 400 () @ https://www.aitcommunity.org/api/auth/send-verification-email:0
[   40819ms] [ERROR] Failed to load resource: the server responded with a status of 404 () @ https://www.aitcommunity.org/api/auth/verify:0
[   40970ms] [ERROR] Failed to load resource: the server responded with a status of 404 () @ https://www.aitcommunity.org/api/auth/email/verify:0
[   41120ms] [ERROR] Failed to load resource: the server responded with a status of 404 () @ https://www.aitcommunity.org/api/auth/resend:0
[   41284ms] [ERROR] Failed to load resource: the server responded with a status of 404 () @ https://www.aitcommunity.org/api/auth/email-verification:0
[   41428ms] [ERROR] Failed to load resource: the server responded with a status of 404 () @ https://www.aitcommunity.org/api/auth/send-verification:0
[   44430ms] [WARNING] The resource https://www.aitcommunity.org/_next/static/media/4cf2300e9c8272f7-s.p.woff2?dpl=dpl_EU5c8e4e61vpcGqpwHGockaR5jNs was preloaded using link preload but not used within a few seconds from the window's load event. Please make sure it has an appropriate `as` value and it is preloaded intentionally. @ https://www.aitcommunity.org/en/auth/signin:0
[   44430ms] [WARNING] The resource https://www.aitcommunity.org/_next/static/media/93f479601ee12b01-s.p.woff2?dpl=dpl_EU5c8e4e61vpcGqpwHGockaR5jNs was preloaded using link preload but not used within a few seconds from the window's load event. Please make sure it has an appropriate `as` value and it is preloaded intentionally. @ https://www.aitcommunity.org/en/auth/signin:0
[   52274ms] [ERROR] Failed to load resource: the server responded with a status of 400 () @ https://www.aitcommunity.org/api/auth/send-verification-email:0
[   55275ms] [WARNING] The resource https://www.aitcommunity.org/_next/static/media/4cf2300e9c8272f7-s.p.woff2?dpl=dpl_EU5c8e4e61vpcGqpwHGockaR5jNs was preloaded using link preload but not used within a few seconds from the window's load event. Please make sure it has an appropriate `as` value and it is preloaded intentionally. @ https://www.aitcommunity.org/en/auth/signin:0
[   55275ms] [WARNING] The resource https://www.aitcommunity.org/_next/static/media/93f479601ee12b01-s.p.woff2?dpl=dpl_EU5c8e4e61vpcGqpwHGockaR5jNs was preloaded using link preload but not used within a few seconds from the window's load event. Please make sure it has an appropriate `as` value and it is preloaded intentionally. @ https://www.aitcommunity.org/en/auth/signin:0
