[GET] https://www.aitcommunity.org/api/auth/get-session => [200] 
[GET] https://www.aitcommunity.org/en?_rsc=1qqsk => [200] 
[GET] https://www.aitcommunity.org/en/communities?_rsc=1qqsk => [200] 
[GET] https://www.aitcommunity.org/en/events?_rsc=1qqsk => [200] 
[GET] https://www.aitcommunity.org/en/challenges?_rsc=1qqsk => [200] 
[GET] https://www.aitcommunity.org/en/launchpad?_rsc=1qqsk => [200] 
[GET] https://www.aitcommunity.org/en/blog?_rsc=1qqsk => [200] 
[GET] https://www.aitcommunity.org/en/jobs?_rsc=1qqsk => [200] 
[GET] https://www.aitcommunity.org/en/benchmark?_rsc=1qqsk => [200] 
[GET] https://www.aitcommunity.org/en/impact?_rsc=1qqsk => [200] 
[GET] https://www.aitcommunity.org/en/sponsors?_rsc=1qqsk => [200] 
[GET] https://www.aitcommunity.org/en?_rsc=1qqsk => [200] 
[GET] https://www.aitcommunity.org/en/members?_rsc=1qqsk => [200] 
[GET] https://www.aitcommunity.org/en/auth/signup?_rsc=1qqsk => [200] 
[GET] https://www.aitcommunity.org/en/auth/forgot-password?_rsc=1qqsk => [200] 
[GET] https://www.aitcommunity.org/en/blog?_rsc=1qqsk => [200] 
[GET] https://www.aitcommunity.org/en/privacy?_rsc=1qqsk => [200] 
[GET] https://www.aitcommunity.org/en/terms?_rsc=1qqsk => [200] 
[GET] https://www.aitcommunity.org/en/security?_rsc=1qqsk => [200] 
[GET] https://www.aitcommunity.org/en/auth/forgot-password?_rsc=1qqsk => [200] 
[GET] https://www.aitcommunity.org/en/auth/signup?_rsc=1qqsk => [200] 
[POST] https://www.aitcommunity.org/api/auth/sign-in/email => [403] 